node.exe : FAIL 
tests/builder.test.js
At C:\Program Files\no
dejs\npx.ps1:29 char:3
+   & $NODE_EXE 
$NPX_CLI_JS $args
+   ~~~~~~~~~~~~~~~~~~
~~~~~~~~~~~
    + CategoryInfo    
          : NotSpeci  
  fied: (FAIL tests   
 /builder.test.js:    
String) [], Remot    
eException
    + FullyQualifiedE 
   rrorId : NativeCo  
  mmandError
 
  Fixture Validation
    ΓêÜ rejects null 
fixture (2 ms)
    ΓêÜ rejects 
fixture with missing 
utxos
    ΓêÜ rejects 
fixture with empty 
payments (1 ms)
    ΓêÜ rejects 
negative fee rate
  Coin Selection
    ΓêÜ basic p2wpkh 
change scenario (5 ms)
    ΓêÜ send-all when 
change is dust (1 ms)
    ΓêÜ multi-input 
required (1 ms)
    ΓêÜ multi-payment 
with change (1 ms)
    ΓêÜ policy 
max_inputs enforced 
(1 ms)
    ΓêÜ insufficient 
funds throws error
  Fee and Change
    ΓêÜ fee meets 
target rate (3 ms)
    ΓêÜ 
fee_rate_sat_vb 
accuracy within 
┬▒0.01 (2 ms)
    ΓêÜ no dust 
outputs (2 ms)
  vBytes Estimation
    ΓêÜ p2pkh input 
is larger than p2wpkh
    ΓêÜ p2tr input is 
smallest segwit
    ΓêÜ mixed input 
types produces valid 
transaction (2 ms)
  RBF and Locktime
    ΓêÜ rbf:true sets 
rbf_signaling (2 ms)
    ΓêÜ rbf:false 
explicit does NOT set 
rbf_signaling (1 ms)
    ΓêÜ locktime 
without rbf sets 
nLockTime and 
rbf_signaling false 
(1 ms)
    ΓêÜ 
anti-fee-sniping: 
rbf+current_height 
sets locktime (2 ms)
    ΓêÜ locktime 
boundary: 499999999 = 
block_height (1 ms)
    ΓêÜ locktime 
boundary: 500000000 = 
unix_timestamp (1 ms)
    ΓêÜ 
classifyLocktime 
utility (1 ms)
  Warnings
    ΓêÜ SEND_ALL when 
no change (1 ms)
    ΓêÜ RBF_SIGNALING 
when rbf is true (1 
ms)
  PSBT
    ΓêÜ psbt_base64 
decodes with valid 
magic bytes (1 ms)
    ΓêÜ PSBT is 
non-empty base64 (1 
ms)
  Coin Selection 
Strategies
    ΓêÜ random 
strategy produces 
valid result (2 ms)
    ΓêÜ bnb strategy 
produces valid result 
(2 ms)
    ΓêÜ compare mode 
returns 
strategy_comparison 
array (4 ms)
    ΓêÜ compare mode 
results are sorted by 
waste_score (3 ms)
    ΓêÜ default 
strategy is greedy 
when not specified (2 
ms)
    ΓêÜ 
selectCoinsRandom 
direct call works (1 
ms)
    ΓêÜ 
selectCoinsBnB direct 
call works
  PSBT Signing with 
Test Keys
    ├ù test_keys:true 
produces sign result 
fields (3 ms)
    ΓêÜ test_keys not 
set does NOT produce 
sign fields (1 ms)
    ├ù signing 
handles graceful 
failure (1 ms)
  Watch-Only 
Descriptors
    ΓêÜ descriptors 
field is present in 
report (1 ms)
    ΓêÜ each 
descriptor has 
required fields (5 ms)
    ΓêÜ descriptors 
include inputs and 
outputs (1 ms)
    ΓêÜ descriptors 
deduplicate by script 
hex (1 ms)
    ΓêÜ descriptor 
uses addr() when 
address is available 
(1 ms)
  Privacy Meter
    ΓêÜ privacy field 
is present in report 
(1 ms)
    ΓêÜ privacy score 
is between 0 and 100
    ΓêÜ basic 
single-input 
same-type tx has high 
privacy score (1 ms)
    ΓêÜ round payment 
amounts are flagged 
(1 ms)
    ΓêÜ input reuse 
is detected
    ΓêÜ change type 
mismatch is detected
    ΓêÜ many inputs 
penalty applied (1 ms)

  ΓùÅ PSBT Signing 
with Test Keys ΓÇ║ 
test_keys:true 
produces sign result 
fields

    ValiError: 
Invalid length: 
Expected 32 but 
received 31

    [0m [90m 457 
|[39m     
seedBuf[[35m0[39m] 
[33m=[39m [35m0x01
[39m[33m;[39m 
[90m// Ensure 
non-zero[39m
     [90m 458 |[39m
    [31m[1m>[22m[3
9m[90m 459 |[39m    
 [36mconst[39m 
keyPair [33m=[39m [
33mECPair[39m[33m.[
39mfromPrivateKey(seed
Buf)[33m;[39m
     [90m     |[39m 
                      
     
[31m[1m^[22m[39m
     [90m 460 |[39m
     [90m 461 |[39m 
    [36mtry[39m {
     [90m 462 |[39m 
      psbt[33m.[39ms
ignInput(i[33m,[39m 
keyPair)[33m;[39m[0
m

      at Object.parse 
(node_modules/valibot/
dist/index.cjs:6749:28
)
      at 
Object.fromPrivateKey 
(node_modules/ecpair/s
rc/cjs/ecpair.cjs:84:7
)
      at 
fromPrivateKey (src/bu
ilder.js:459:28)
      at 
signAndFinalize (src/b
uilder.js:672:18)
      at Object.buildT
ransaction (tests/buil
der.test.js:347:24)

  ΓùÅ PSBT Signing 
with Test Keys ΓÇ║ 
signing handles 
graceful failure

    ValiError: 
Invalid length: 
Expected 32 but 
received 31

    [0m [90m 457 
|[39m     
seedBuf[[35m0[39m] 
[33m=[39m [35m0x01
[39m[33m;[39m 
[90m// Ensure 
non-zero[39m
     [90m 458 |[39m
    [31m[1m>[22m[3
9m[90m 459 |[39m    
 [36mconst[39m 
keyPair [33m=[39m [
33mECPair[39m[33m.[
39mfromPrivateKey(seed
Buf)[33m;[39m
     [90m     |[39m 
                      
     
[31m[1m^[22m[39m
     [90m 460 |[39m
     [90m 461 |[39m 
    [36mtry[39m {
     [90m 462 |[39m 
      psbt[33m.[39ms
ignInput(i[33m,[39m 
keyPair)[33m;[39m[0
m

      at Object.parse 
(node_modules/valibot/
dist/index.cjs:6749:28
)
      at 
Object.fromPrivateKey 
(node_modules/ecpair/s
rc/cjs/ecpair.cjs:84:7
)
      at 
fromPrivateKey (src/bu
ilder.js:459:28)
      at 
signAndFinalize (src/b
uilder.js:672:18)
      at Object.buildT
ransaction (tests/buil
der.test.js:364:24)

Test Suites: 1 
failed, 1 total
Tests:       2 
failed, 47 passed, 49 
total
Snapshots:   0 total
Time:        0.635 s, 
estimated 1 s
Ran all test suites.
